dvtie@DESKTOP-F9CDOK3 MINGW64 /d/FSOFT/0.Work/udacity/cloud-SSA
$ ssh -i "udacity-rds.pem" ec2-user@ec2-54-146-233-36.compute-1.amazonaws.com
   ,     #_
   ~\_  ####_        Amazon Linux 2023
  ~~  \_#####\
  ~~     \###|
  ~~       \#/ ___   https://aws.amazon.com/linux/amazon-linux-2023
   ~~       V~' '->
    ~~~         /
      ~~._.   _/
         _/ _/
       _/m/'
[ec2-user@ip-10-1-11-11 ~]$ ls
[ec2-user@ip-10-1-11-11 ~]$ df -h
Filesystem      Size  Used Avail Use% Mounted on
devtmpfs        4.0M     0  4.0M   0% /dev
tmpfs           475M     0  475M   0% /dev/shm
tmpfs           190M  2.8M  188M   2% /run
/dev/xvda1      8.0G  1.5G  6.5G  19% /
tmpfs           475M     0  475M   0% /tmp
tmpfs            95M     0   95M   0% /run/user/1000
[ec2-user@ip-10-1-11-11 ~]$ mysql
-bash: mysql: command not found
[ec2-user@ip-10-1-11-11 ~]$ sudo dnf update -y
Last metadata expiration check: 0:05:56 ago on Wed Jul 12 03:53:49 2023.
Dependencies resolved.
Nothing to do.
Complete!
[ec2-user@ip-10-1-11-11 ~]$ sudo dnf install mariadb105
Last metadata expiration check: 0:06:03 ago on Wed Jul 12 03:53:49 2023.
Dependencies resolved.
==================================================================================================================================================================================================================
 Package                                                     Architecture                            Version                                                   Repository                                    Size
==================================================================================================================================================================================================================
Installing:
 mariadb105                                                  x86_64                                  3:10.5.18-1.amzn2023.0.1                                  amazonlinux                                  1.6 M
Installing dependencies:
 mariadb-connector-c                                         x86_64                                  3.1.13-1.amzn2023.0.3                                     amazonlinux                                  196 k
 mariadb-connector-c-config                                  noarch                                  3.1.13-1.amzn2023.0.3                                     amazonlinux                                  9.2 k
 mariadb105-common                                           x86_64                                  3:10.5.18-1.amzn2023.0.1                                  amazonlinux                                   31 k
 perl-Sys-Hostname                                           x86_64                                  1.23-477.amzn2023.0.5                                     amazonlinux                                   18 k

Transaction Summary
==================================================================================================================================================================================================================
Install  5 Packages

Total download size: 1.8 M
Installed size: 19 M
Is this ok [y/N]: y
Downloading Packages:
(1/5): mariadb-connector-c-3.1.13-1.amzn2023.0.3.x86_64.rpm                                                                                                                       2.4 MB/s | 196 kB     00:00
(2/5): mariadb105-common-10.5.18-1.amzn2023.0.1.x86_64.rpm                                                                                                                        378 kB/s |  31 kB     00:00
(3/5): mariadb-connector-c-config-3.1.13-1.amzn2023.0.3.noarch.rpm                                                                                                                619 kB/s | 9.2 kB     00:00
(4/5): mariadb105-10.5.18-1.amzn2023.0.1.x86_64.rpm                                                                                                                                14 MB/s | 1.6 MB     00:00
(5/5): perl-Sys-Hostname-1.23-477.amzn2023.0.5.x86_64.rpm                                                                                                                         278 kB/s |  18 kB     00:00
------------------------------------------------------------------------------------------------------------------------------------------------------------------------------------------------------------------
Total                                                                                                                                                                             8.1 MB/s | 1.8 MB     00:00
Running transaction check
Transaction check succeeded.
Running transaction test
Transaction test succeeded.
Running transaction
  Preparing        :                                                                                                                                                                                          1/1
  Installing       : mariadb-connector-c-config-3.1.13-1.amzn2023.0.3.noarch                                                                                                                                  1/5
  Installing       : mariadb-connector-c-3.1.13-1.amzn2023.0.3.x86_64                                                                                                                                         2/5
  Installing       : mariadb105-common-3:10.5.18-1.amzn2023.0.1.x86_64                                                                                                                                        3/5
  Installing       : perl-Sys-Hostname-1.23-477.amzn2023.0.5.x86_64                                                                                                                                           4/5
  Installing       : mariadb105-3:10.5.18-1.amzn2023.0.1.x86_64                                                                                                                                               5/5
  Running scriptlet: mariadb105-3:10.5.18-1.amzn2023.0.1.x86_64                                                                                                                                               5/5
  Verifying        : mariadb-connector-c-3.1.13-1.amzn2023.0.3.x86_64                                                                                                                                         1/5
  Verifying        : mariadb105-common-3:10.5.18-1.amzn2023.0.1.x86_64                                                                                                                                        2/5
  Verifying        : mariadb105-3:10.5.18-1.amzn2023.0.1.x86_64                                                                                                                                               3/5
  Verifying        : perl-Sys-Hostname-1.23-477.amzn2023.0.5.x86_64                                                                                                                                           4/5
  Verifying        : mariadb-connector-c-config-3.1.13-1.amzn2023.0.3.noarch                                                                                                                                  5/5

Installed:
  mariadb-connector-c-3.1.13-1.amzn2023.0.3.x86_64   mariadb-connector-c-config-3.1.13-1.amzn2023.0.3.noarch   mariadb105-3:10.5.18-1.amzn2023.0.1.x86_64   mariadb105-common-3:10.5.18-1.amzn2023.0.1.x86_64
  perl-Sys-Hostname-1.23-477.amzn2023.0.5.x86_64

Complete!
[ec2-user@ip-10-1-11-11 ~]$ mysql -h udacity.cjlq43tod9nt.us-east-1.rds.amazonaws.com -P 3306 -u admin -p
Enter password:
Welcome to the MariaDB monitor.  Commands end with ; or \g.
Your MySQL connection id is 43
Server version: 8.0.32 Source distribution

Copyright (c) 2000, 2018, Oracle, MariaDB Corporation Ab and others.

Type 'help;' or '\h' for help. Type '\c' to clear the current input statement.

MySQL [(none)]> show databases;
+--------------------+
| Database           |
+--------------------+
| information_schema |
| mysql              |
| performance_schema |
| sys                |
| udacity            |
+--------------------+
5 rows in set (0.009 sec)

MySQL [(none)]> use udacity;
Database changed
MySQL [udacity]> show tables;
Empty set (0.002 sec)

MySQL [udacity]> CREATE TABLE persons (id int, name varchar(255));
Query OK, 0 rows affected (0.137 sec)

MySQL [udacity]> show tables;
+-------------------+
| Tables_in_udacity |
+-------------------+
| persons           |
+-------------------+
1 row in set (0.002 sec)

MySQL [udacity]> insert into persons values (1,"udacity");
Query OK, 1 row affected (0.009 sec)

MySQL [udacity]> select * from persons;
+------+---------+
| id   | name    |
+------+---------+
|    1 | udacity |
+------+---------+
1 row in set (0.001 sec)

MySQL [udacity]>
MySQL [udacity]>
